[31m[Nest] 29512  - [39m17/05/2026, 19:21:37 [31m  ERROR[39m [38;5;3m[NestApplication] [39m[31mError: listen EADDRINUSE: address already in use :::8080[39m[38;5;3m +20ms[39m
node:net:1937
    const ex = new UVExceptionWithHostPort(err, 'listen', address, port);
               ^

Error: listen EADDRINUSE: address already in use :::8080
[90m    at Server.setupListenHandle [as _listen2] (node:net:1937:16)[39m
[90m    at listenInCluster (node:net:1994:12)[39m
[90m    at Server.listen (node:net:2099:7)[39m
    at ExpressAdapter.listen [90m(C:\xampp\htdocs\florieren\nestjs-backend\[39mnode_modules\[4m@nestjs[24m\platform-express\adapters\express-adapter.js:95:32[90m)[39m
    at [90mC:\xampp\htdocs\florieren\nestjs-backend\[39mnode_modules\[4m@nestjs[24m\core\nest-application.js:183:30
    at new Promise (<anonymous>)
    at NestApplication.listen [90m(C:\xampp\htdocs\florieren\nestjs-backend\[39mnode_modules\[4m@nestjs[24m\core\nest-application.js:173:16[90m)[39m
[90m    at process.processTicksAndRejections (node:internal/process/task_queues:105:5)[39m
    at async bootstrap [90m(C:\xampp\htdocs\florieren\nestjs-backend\[39mdist\src\main.js:24:5[90m)[39m {
  code: [32m'EADDRINUSE'[39m,
  errno: [33m-4091[39m,
  syscall: [32m'listen'[39m,
  address: [32m'::'[39m,
  port: [33m8080[39m
}

Node.js v22.14.0
